2026-02-11T17:13:47: Wed Feb 11 17:13:47 CST 2026 [server-loop] ERROR - http server loop error, see stack trace for details
2026-02-11T17:13:47: java.lang.OutOfMemoryError: Cannot reserve 7090385 bytes of direct buffer memory (allocated: 6435845155, limit: 6442450944)
2026-02-11T17:13:47: 	at java.base/java.nio.Bits.reserveMemory(Bits.java:178)
2026-02-11T17:13:47: 	at java.base/java.nio.DirectByteBuffer.<init>(DirectByteBuffer.java:111)
2026-02-11T17:13:47: 	at java.base/java.nio.ByteBuffer.allocateDirect(ByteBuffer.java:360)
2026-02-11T17:13:47: 	at java.base/sun.nio.ch.Util.getTemporaryDirectBuffer(Util.java:242)
2026-02-11T17:13:47: 	at java.base/sun.nio.ch.IOUtil.write(IOUtil.java:209)
2026-02-11T17:13:47: 	at java.base/sun.nio.ch.IOUtil.write(IOUtil.java:158)
2026-02-11T17:13:47: 	at java.base/sun.nio.ch.SocketChannelImpl.write(SocketChannelImpl.java:574)
2026-02-11T17:13:47: 	at org.httpkit.server.HttpServer.doWrite(HttpServer.java:332)
2026-02-11T17:13:47: 	at org.httpkit.server.HttpServer.run(HttpServer.java:428)
2026-02-11T17:13:47: 	at java.base/java.lang.Thread.run(Thread.java:1583)
2026-02-11T17:13:48: Wed Feb 11 17:13:48 CST 2026 [server-loop] ERROR - http server loop error, see stack trace for details
2026-02-11T17:13:48: java.lang.OutOfMemoryError: Cannot reserve 7090385 bytes of direct buffer memory (allocated: 6437013580, limit: 6442450944)
2026-02-11T17:13:48: 	at java.base/java.nio.Bits.reserveMemory(Bits.java:178)
2026-02-11T17:13:48: 	at java.base/java.nio.DirectByteBuffer.<init>(DirectByteBuffer.java:111)
2026-02-11T17:13:48: 	at java.base/java.nio.ByteBuffer.allocateDirect(ByteBuffer.java:360)
2026-02-11T17:13:48: 	at java.base/sun.nio.ch.Util.getTemporaryDirectBuffer(Util.java:242)
2026-02-11T17:13:48: 	at java.base/sun.nio.ch.IOUtil.write(IOUtil.java:209)
2026-02-11T17:13:48: 	at java.base/sun.nio.ch.IOUtil.write(IOUtil.java:158)
2026-02-11T17:13:48: 	at java.base/sun.nio.ch.SocketChannelImpl.write(SocketChannelImpl.java:574)
2026-02-11T17:13:48: 	at org.httpkit.server.HttpServer.doWrite(HttpServer.java:332)
2026-02-11T17:13:48: 	at org.httpkit.server.HttpServer.run(HttpServer.java:428)
2026-02-11T17:13:48: 	at java.base/java.lang.Thread.run(Thread.java:1583)
2026-02-11T17:13:48: Wed Feb 11 17:13:48 CST 2026 [server-loop] ERROR - http server loop error, see stack trace for details
2026-02-11T17:13:48: java.lang.OutOfMemoryError: Cannot reserve 7091512 bytes of direct buffer memory (allocated: 6437712370, limit: 6442450944)
2026-02-11T17:13:48: 	at java.base/java.nio.Bits.reserveMemory(Bits.java:178)
2026-02-11T17:13:48: 	at java.base/java.nio.DirectByteBuffer.<init>(DirectByteBuffer.java:111)
2026-02-11T17:13:48: 	at java.base/java.nio.ByteBuffer.allocateDirect(ByteBuffer.java:360)
2026-02-11T17:13:48: 	at java.base/sun.nio.ch.Util.getTemporaryDirectBuffer(Util.java:242)
2026-02-11T17:13:48: 	at java.base/sun.nio.ch.IOUtil.write(IOUtil.java:209)
2026-02-11T17:13:48: 	at java.base/sun.nio.ch.IOUtil.write(IOUtil.java:158)
2026-02-11T17:13:48: 	at java.base/sun.nio.ch.SocketChannelImpl.write(SocketChannelImpl.java:574)
2026-02-11T17:13:48: 	at org.httpkit.server.HttpServer.doWrite(HttpServer.java:332)
2026-02-11T17:13:48: 	at org.httpkit.server.HttpServer.run(HttpServer.java:428)
2026-02-11T17:13:48: 	at java.base/java.lang.Thread.run(Thread.java:1583)
2026-02-11T17:18:43: Wed Feb 11 17:18:43 CST 2026 [server-loop] ERROR - http server loop error, see stack trace for details
2026-02-11T17:18:43: java.lang.OutOfMemoryError: Cannot reserve 7200987 bytes of direct buffer memory (allocated: 6435410369, limit: 6442450944)
2026-02-11T17:18:43: 	at java.base/java.nio.Bits.reserveMemory(Bits.java:178)
2026-02-11T17:18:43: 	at java.base/java.nio.DirectByteBuffer.<init>(DirectByteBuffer.java:111)
2026-02-11T17:18:43: 	at java.base/java.nio.ByteBuffer.allocateDirect(ByteBuffer.java:360)
2026-02-11T17:18:43: 	at java.base/sun.nio.ch.Util.getTemporaryDirectBuffer(Util.java:242)
2026-02-11T17:18:43: 	at java.base/sun.nio.ch.IOUtil.write(IOUtil.java:209)
2026-02-11T17:18:43: 	at java.base/sun.nio.ch.IOUtil.write(IOUtil.java:158)
2026-02-11T17:18:43: 	at java.base/sun.nio.ch.SocketChannelImpl.write(SocketChannelImpl.java:574)
2026-02-11T17:18:43: 	at org.httpkit.server.HttpServer.doWrite(HttpServer.java:332)
2026-02-11T17:18:43: 	at org.httpkit.server.HttpServer.run(HttpServer.java:428)
2026-02-11T17:18:43: 	at java.base/java.lang.Thread.run(Thread.java:1583)
2026-02-11T17:18:44: Wed Feb 11 17:18:44 CST 2026 [server-loop] ERROR - http server loop error, see stack trace for details
2026-02-11T17:18:44: java.lang.OutOfMemoryError: Cannot reserve 7208963 bytes of direct buffer memory (allocated: 6437685070, limit: 6442450944)
2026-02-11T17:18:44: 	at java.base/java.nio.Bits.reserveMemory(Bits.java:178)
2026-02-11T17:18:44: 	at java.base/java.nio.DirectByteBuffer.<init>(DirectByteBuffer.java:111)
2026-02-11T17:18:44: 	at java.base/java.nio.ByteBuffer.allocateDirect(ByteBuffer.java:360)
2026-02-11T17:18:44: 	at java.base/sun.nio.ch.Util.getTemporaryDirectBuffer(Util.java:242)
2026-02-11T17:18:44: 	at java.base/sun.nio.ch.IOUtil.write(IOUtil.java:209)
2026-02-11T17:18:44: 	at java.base/sun.nio.ch.IOUtil.write(IOUtil.java:158)
2026-02-11T17:18:44: 	at java.base/sun.nio.ch.SocketChannelImpl.write(SocketChannelImpl.java:574)
2026-02-11T17:18:44: 	at org.httpkit.server.HttpServer.doWrite(HttpServer.java:332)
2026-02-11T17:18:44: 	at org.httpkit.server.HttpServer.run(HttpServer.java:428)
2026-02-11T17:18:44: 	at java.base/java.lang.Thread.run(Thread.java:1583)
